// Jest Snapshot v1, https://goo.gl/fbAQLP

exports[`Test the button should match with snapshot 1`] = `[Function]`;
